[
    {
        "name": "New Year's Day",
        "date": "2020-01-01"
    },
    {
        "name": "St Patrick's Day",
        "date": "2020-03-17"
    },
    {
        "name": "Good Friday",
        "date": "2020-04-10"
    },
    {
        "name": "Easter Monday",
        "date": "2020-04-13"
    },
    {
        "name": "Early May bank holiday (VE day)",
        "date": "2020-05-08"
    },
    {
        "name": "Spring bank holiday",
        "date": "2020-05-25"
    },
    {
        "name": "Battle of the Boyne (Orangemen's Day) (substitute day)",
        "date": "2020-07-13"
    },
    {
        "name": "Summer bank holiday",
        "date": "2020-08-31"
    },
    {
        "name": "Christmas Day",
        "date": "2020-12-25"
    },
    {
        "name": "Boxing Day (substitute day)",
        "date": "2020-12-28"
    }
]