[
    {
        "name": "Republic Day",
        "date": "2025-01-26"
    },
    {
        "name": "Holi",
        "date": "2025-03-14"
    },
    {
        "name": "Ramzan Id\\\/Eid-ul-Fitar",
        "date": "2025-03-31"
    },
    {
        "name": "Rama Navami",
        "date": "2025-04-06"
    },
    {
        "name": "Mahavir Jayanti",
        "date": "2025-04-10"
    },
    {
        "name": "Good Friday",
        "date": "2025-04-18"
    },
    {
        "name": "Buddha Purnima\/Vesak",
        "date": "2025-05-12"
    },
    {
        "name": "Bakrid\/Eid ul-Adha",
        "date": "2025-06-07"
    },
    {
        "name": "Muharram\/Ashura",
        "date": "2025-07-06"
    },
    {
        "name": "Raksha Bandhan",
        "date": "2025-08-09"
    },
    {
        "name": "Independence Day",
        "date": "2025-08-15"
    },
    {
        "name": "Janmashtami",
        "date": "2025-08-16"
    },
    {
        "name": "Milad un-Nabi\/Id-e-Milad",
        "date": "2025-09-05"
    },
    {
        "name": "Mahatma Gandhi Jayanti",
        "date": "2025-10-02"
    },
    {
        "name": "Dussehra",
        "date": "2025-10-02"
    },
    {
        "name": "Diwali\/Deepavali",
        "date": "2025-10-20"
    },
    {
        "name": "Bhai Dooj",
        "date": "2025-10-23"
    },
    {
        "name": "Guru Nanak Jayanti",
        "date": "2025-11-05"
    },
    {
        "name": "Christmas",
        "date": "2025-12-25"
    }
]