[
    {
        "name": "Republic Day",
        "date": "1993-01-26"
    },
    {
        "name": "Holi",
        "date": "1993-03-08"
    },
    {
        "name": "Ramzan Id\\\/Eid-ul-Fitar",
        "date": "1993-03-25"
    },
    {
        "name": "Rama Navami",
        "date": "1993-04-01"
    },
    {
        "name": "Mahavir Jayanti",
        "date": "1993-04-05"
    },
    {
        "name": "Good Friday",
        "date": "1993-04-09"
    },
    {
        "name": "Buddha Purnima\/Vesak",
        "date": "1993-05-06"
    },
    {
        "name": "Bakrid\/Eid ul-Adha",
        "date": "1993-06-01"
    },
    {
        "name": "Muharram\/Ashura",
        "date": "1993-06-30"
    },
    {
        "name": "Raksha Bandhan",
        "date": "1993-08-02"
    },
    {
        "name": "Janmashtami",
        "date": "1993-08-11"
    },
    {
        "name": "Independence Day",
        "date": "1993-08-15"
    },
    {
        "name": "Milad un-Nabi\/Id-e-Milad",
        "date": "1993-08-31"
    },
    {
        "name": "Mahatma Gandhi Jayanti",
        "date": "1993-10-02"
    },
    {
        "name": "Dussehra",
        "date": "1993-10-24"
    },
    {
        "name": "Diwali\/Deepavali",
        "date": "1993-11-13"
    },
    {
        "name": "Bhai Dooj",
        "date": "1993-11-15"
    },
    {
        "name": "Guru Nanak Jayanti",
        "date": "1993-11-29"
    },
    {
        "name": "Christmas",
        "date": "1993-12-25"
    }
]