[
    {
        "name": "Jour de l'An",
        "date": "2024-01-01"
    },
    {
        "name": "Lundi de Pâques",
        "date": "2024-04-01"
    },
    {
        "name": "Fête du Travail",
        "date": "2024-05-01"
    },
    {
        "name": "Victoire 1945",
        "date": "2024-05-08"
    },
    {
        "name": "Ascension",
        "date": "2024-05-09"
    },
    {
        "name": "Lundi de Pentecôte",
        "date": "2024-05-20"
    },
    {
        "name": "Fête Nationale",
        "date": "2024-07-14"
    },
    {
        "name": "Assomption",
        "date": "2024-08-15"
    },
    {
        "name": "Toussaint",
        "date": "2024-11-01"
    },
    {
        "name": "Armistice 1918",
        "date": "2024-11-11"
    },
    {
        "name": "Noël",
        "date": "2024-12-25"
    }
]
