[
    {
        "name": "New Year's Day",
        "date": "2025-01-01"
    },
    {
        "name": "New Year's Celebration Day",
        "date": "2025-01-02"
    },
    {
        "name": "Orthodox Christmas",
        "date": "2025-01-07"
    },
    {
        "name": "Orthodox Epiphany",
        "date": "2025-01-19"
    },
    {
        "name": "Mother's Day",
        "date": "2025-03-03"
    },
    {
        "name": "International Women's Day",
        "date": "2025-03-08"
    },
    {
        "name": "National Unity Day",
        "date": "2025-04-09"
    },
    {
        "name": "Good Friday",
        "date": "2025-04-18"
    },
    {
        "name": "Great Saturday",
        "date": "2025-04-19"
    },
    {
        "name": "Orthodox Easter",
        "date": "2025-04-20"
    },
    {
        "name": "Easter Monday",
        "date": "2025-04-21"
    },
    {
        "name": "Victory Day",
        "date": "2025-05-09"
    },
    {
        "name": "St. Andrew's Day",
        "date": "2025-05-12"
    },
    {
        "name": "Day of Family Purity",
        "date": "2025-05-17"
    },
    {
        "name": "Independence Day",
        "date": "2025-05-26"
    },
    {
        "name": "Saint Mary's Day",
        "date": "2025-08-28"
    },
    {
        "name": "Day of Svetitskhoveli Cathedral",
        "date": "2025-10-14"
    },
    {
        "name": "Saint George's Day",
        "date": "2025-11-23"
    }
]