[
    {
        "name": "New Year's Day",
        "date": "2021-01-01"
    },
    {
        "name": "First day of Ramadan",
        "date": "2021-04-13"
    },
    {
        "name": "Labour Day",
        "date": "2021-05-01"
    },
    {
        "name": "Last 10 Days of Ramadan - Day 1",
        "date": "2021-05-03"
    },
    {
        "name": "Last 10 Days of Ramadan - Day 2",
        "date": "2021-05-04"
    },
    {
        "name": "Last 10 Days of Ramadan - Day 3",
        "date": "2021-05-05"
    },
    {
        "name": "Last 10 Days of Ramadan - Day 4",
        "date": "2021-05-06"
    },
    {
        "name": "Last 10 Days of Ramadan - Day 5",
        "date": "2021-05-07"
    },
    {
        "name": "Last 10 Days of Ramadan - Day 6",
        "date": "2021-05-08"
    },
    {
        "name": "Last 10 Days of Ramadan - Day 7",
        "date": "2021-05-09"
    },
    {
        "name": "Last 10 Days of Ramadan - Day 8",
        "date": "2021-05-10"
    },
    {
        "name": "Last 10 Days of Ramadan - Day 9",
        "date": "2021-05-11"
    },
    {
        "name": "Last 10 Days of Ramadan - Day 10",
        "date": "2021-05-12"
    },
    {
        "name": "Eid al-Fitr",
        "date": "2021-05-13"
    },
    {
        "name": "On the occasion of Eid al-Fitr - 2nd day",
        "date": "2021-05-14"
    },
    {
        "name": "On the occasion of Eid al-Fitr - 3rd day",
        "date": "2021-05-15"
    },
    {
        "name": "Hajj Day",
        "date": "2021-07-19"
    },
    {
        "name": "Eid al-Adha",
        "date": "2021-07-20"
    },
    {
        "name": "On the occasion of Eid al-Adha - 2nd day",
        "date": "2021-07-21"
    },
    {
        "name": "On the occasion of Eid al-Adha - 3rd day",
        "date": "2021-07-22"
    },
    {
        "name": "Independence Day",
        "date": "2021-07-26"
    },
    {
        "name": "On the occasion of the Independence Day",
        "date": "2021-07-27"
    },
    {
        "name": "Islamic New Year",
        "date": "2021-08-09"
    },
    {
        "name": "National Day",
        "date": "2021-10-07"
    },
    {
        "name": "Prophet Muhammad (SAW)'s Birthday",
        "date": "2021-10-18"
    },
    {
        "name": "Victory Day",
        "date": "2021-11-03"
    },
    {
        "name": "The Day Maldives Embraced Islam",
        "date": "2021-11-07"
    },
    {
        "name": "Republic Day",
        "date": "2021-11-11"
    }
]