[
    {
        "name": "\u041d\u043e\u0432\u0430 \u0433\u043e\u0434\u0438\u043d\u0430",
        "date": "2024-01-01"
    },
    {
        "name": "\u0411\u043e\u0436\u0438\u043a, \u043f\u0440\u0432\u0438\u043e\u0442 \u0434\u0435\u043d \u043d\u0430 \u0411\u043e\u0436\u0438\u043a \u0441\u043f\u043e\u0440\u0435\u0434 \u043f\u0440\u0430\u0432\u043e\u0441\u043b\u0430\u0432\u043d\u0438\u043e\u0442 \u043a\u0430\u043b\u0435\u043d\u0434\u0430\u0440",
        "date": "2024-01-07"
    },
    {
        "name": "\u0414\u0435\u043d \u043d\u0430 \u0442\u0440\u0443\u0434\u043e\u0442",
        "date": "2024-05-01"
    },
    {
        "name": "\u0412\u0435\u043b\u0438\u0433\u0434\u0435\u043d, \u0432\u0442\u043e\u0440\u0438\u043e\u0442 \u0434\u0435\u043d \u043d\u0430 \u0412\u0435\u043b\u0438\u0433\u0434\u0435\u043d \u0441\u043f\u043e\u0440\u0435\u0434 \u043f\u0440\u0430\u0432\u043e\u0441\u043b\u0430\u0432\u043d\u0438\u043e\u0442 \u043a\u0430\u043b\u0435\u043d\u0434\u0430\u0440",
        "date": "2024-05-05"
    },
    {
        "name": "\u0421\u0432. \u041a\u0438\u0440\u0438\u043b \u0438 \u041c\u0435\u0442\u043e\u0434\u0438\u0458 - \u0414\u0435\u043d \u043d\u0430 \u0441\u0435\u0441\u043b\u043e\u0432\u0435\u043d\u0441\u043a\u0438\u0442\u0435 \u043f\u0440\u043e\u0441\u0432\u0435\u0442\u0438\u0442\u0435\u043b\u0438",
        "date": "2024-05-24"
    },
    {
        "name": "\u0414\u0435\u043d \u043d\u0430 \u0420\u0435\u043f\u0443\u0431\u043b\u0438\u043a\u0430\u0442\u0430",
        "date": "2024-08-02"
    },
    {
        "name": "\u0414\u0435\u043d \u043d\u0430 \u043d\u0435\u0437\u0430\u0432\u0438\u0441\u043d\u043e\u0441\u0442\u0430",
        "date": "2024-09-08"
    },
    {
        "name": "\u0414\u0435\u043d \u043d\u0430 \u043d\u0430\u0440\u043e\u0434\u043d\u043e\u0442\u043e \u0432\u043e\u0441\u0442\u0430\u043d\u0438\u0435",
        "date": "2024-10-11"
    },
    {
        "name": "\u0414\u0435\u043d \u043d\u0430 \u043c\u0430\u043a\u0435\u0434\u043e\u043d\u0441\u043a\u0430\u0442\u0430 \u0440\u0435\u0432\u043e\u043b\u0443\u0446\u0438\u043e\u043d\u0435\u0440\u043d\u0430 \u0431\u043e\u0440\u0431\u0430",
        "date": "2024-10-23"
    },
    {
        "name": "\u0421\u0432. \u041a\u043b\u0438\u043c\u0435\u043d\u0442 \u041e\u0445\u0440\u0438\u0434\u0441\u043a\u0438",
        "date": "2024-12-08"
    }
]