[
    {
        "name": "Y\u0131lba\u015f\u0131",
        "date": "2022-01-01"
    },
    {
        "name": "Ulusal Egemenlik ve \u00c7ocuk Bayram\u0131",
        "date": "2022-04-23"
    },
    {
        "name": "Emek ve Dayan\u0131\u015fma G\u00fcn\u00fc",
        "date": "2022-05-01"
    },
    {
        "name": "Ramazan Bayram\u0131 Arifesi",
        "date": "2022-05-01"
    },
    {
        "name": "Ramazan Bayram\u0131 1. G\u00fcn",
        "date": "2022-05-02"
    },
    {
        "name": "Ramazan Bayram\u0131 2. G\u00fcn",
        "date": "2022-05-03"
    },
    {
        "name": "Ramazan Bayram\u0131 3. G\u00fcn",
        "date": "2022-05-04"
    },
    {
        "name": "Atat\u00fcrk'\u00fc Anma, Gen\u00e7lik ve Spor Bayram\u0131",
        "date": "2022-05-19"
    },
    {
        "name": "Kurban Bayram\u0131 Arifesi",
        "date": "2022-07-08"
    },
    {
        "name": "Kurban Bayram\u0131 1. G\u00fcn",
        "date": "2022-07-09"
    },
    {
        "name": "Kurban Bayram\u0131 2. G\u00fcn",
        "date": "2022-07-10"
    },
    {
        "name": "Kurban Bayram\u0131 3. G\u00fcn",
        "date": "2022-07-11"
    },
    {
        "name": "Kurban Bayram\u0131 4. G\u00fcn",
        "date": "2022-07-12"
    },
    {
        "name": "Demokrasi ve Mill\u00ee Birlik G\u00fcn\u00fc",
        "date": "2022-07-15"
    },
    {
        "name": "Zafer Bayram\u0131",
        "date": "2022-08-30"
    },
    {
        "name": "Cumhuriyet Bayram\u0131 Arifesi",
        "date": "2022-10-28"
    },
    {
        "name": "Cumhuriyet Bayram\u0131",
        "date": "2022-10-29"
    }
]