[
    {
        "name": "Y\u0131lba\u015f\u0131",
        "date": "2009-01-01"
    },
    {
        "name": "Ulusal Egemenlik ve \u00c7ocuk Bayram\u0131",
        "date": "2009-04-23"
    },
    {
        "name": "Emek ve Dayan\u0131\u015fma G\u00fcn\u00fc",
        "date": "2009-05-01"
    },
    {
        "name": "Atat\u00fcrk'\u00fc Anma, Gen\u00e7lik ve Spor Bayram\u0131",
        "date": "2009-05-19"
    },
    {
        "name": "Zafer Bayram\u0131",
        "date": "2009-08-30"
    },
    {
        "name": "Ramazan Bayram\u0131 Arifesi",
        "date": "2009-09-19"
    },
    {
        "name": "Ramazan Bayram\u0131 1. G\u00fcn",
        "date": "2009-09-20"
    },
    {
        "name": "Ramazan Bayram\u0131 2. G\u00fcn",
        "date": "2009-09-21"
    },
    {
        "name": "Ramazan Bayram\u0131 3. G\u00fcn",
        "date": "2009-09-22"
    },
    {
        "name": "Cumhuriyet Bayram\u0131 Arifesi",
        "date": "2009-10-28"
    },
    {
        "name": "Cumhuriyet Bayram\u0131",
        "date": "2009-10-29"
    },
    {
        "name": "Kurban Bayram\u0131 Arifesi",
        "date": "2009-11-26"
    },
    {
        "name": "Kurban Bayram\u0131 1. G\u00fcn",
        "date": "2009-11-27"
    },
    {
        "name": "Kurban Bayram\u0131 2. G\u00fcn",
        "date": "2009-11-28"
    },
    {
        "name": "Kurban Bayram\u0131 3. G\u00fcn",
        "date": "2009-11-29"
    },
    {
        "name": "Kurban Bayram\u0131 4. G\u00fcn",
        "date": "2009-11-30"
    }
]